DEBUG:root:round 1:
